2026-05-06 10:44:59,453 | INFO | Starting advanced imbalance boosting for ['taiwan', 'heloc']
2026-05-06 10:44:59,454 | INFO | Loading taiwan
2026-05-06 10:44:59,590 | INFO | taiwan split sizes: model_train=14400 calibration_val=3600 validation=6000 test=6000
2026-05-06 10:44:59,591 | INFO | [taiwan] Variant 1/55: CatBoost / catboost_baseline
2026-05-06 10:45:19,891 | INFO | [taiwan] Variant 2/55: CatBoost / catboost_auto_balanced
2026-05-06 10:45:38,416 | INFO | [taiwan] Variant 3/55: CatBoost / catboost_auto_sqrtbalanced
2026-05-06 10:45:56,885 | INFO | [taiwan] Variant 4/55: CatBoost / catboost_class_weight_pos_1.25
2026-05-06 10:46:15,367 | INFO | [taiwan] Variant 5/55: CatBoost / catboost_class_weight_pos_1.5
2026-05-06 10:46:33,676 | INFO | [taiwan] Variant 6/55: CatBoost / catboost_class_weight_pos_2
2026-05-06 10:46:51,890 | INFO | [taiwan] Variant 7/55: CatBoost / catboost_class_weight_pos_2.5
2026-05-06 10:47:09,937 | INFO | [taiwan] Variant 8/55: CatBoost / catboost_class_weight_pos_3
2026-05-06 10:47:28,040 | INFO | [taiwan] Variant 9/55: CatBoost / catboost_class_weight_pos_4
2026-05-06 10:47:46,459 | INFO | [taiwan] Variant 10/55: CatBoost / catboost_class_weight_pos_5
2026-05-06 10:48:04,981 | INFO | [taiwan] Variant 11/55: XGBoost / xgboost_baseline
2026-05-06 10:48:13,919 | INFO | [taiwan] Variant 12/55: XGBoost / xgboost_scale_pos_weight_1
2026-05-06 10:48:22,952 | INFO | [taiwan] Variant 13/55: XGBoost / xgboost_scale_pos_weight_1.25
2026-05-06 10:48:31,888 | INFO | [taiwan] Variant 14/55: XGBoost / xgboost_scale_pos_weight_1.5
2026-05-06 10:48:40,376 | INFO | [taiwan] Variant 15/55: XGBoost / xgboost_scale_pos_weight_2
2026-05-06 10:48:48,915 | INFO | [taiwan] Variant 16/55: XGBoost / xgboost_scale_pos_weight_2.5
2026-05-06 10:48:57,767 | INFO | [taiwan] Variant 17/55: XGBoost / xgboost_scale_pos_weight_3
2026-05-06 10:49:06,825 | INFO | [taiwan] Variant 18/55: XGBoost / xgboost_scale_pos_weight_4
2026-05-06 10:49:15,544 | INFO | [taiwan] Variant 19/55: XGBoost / xgboost_scale_pos_weight_5
2026-05-06 10:49:24,409 | INFO | [taiwan] Variant 20/55: XGBoost / xgboost_max_delta_step_0
2026-05-06 10:49:32,975 | INFO | [taiwan] Variant 21/55: XGBoost / xgboost_max_delta_step_1
2026-05-06 10:49:41,634 | INFO | [taiwan] Variant 22/55: XGBoost / xgboost_max_delta_step_3
2026-05-06 10:49:50,320 | INFO | [taiwan] Variant 23/55: XGBoost / xgboost_max_delta_step_5
2026-05-06 10:49:58,952 | INFO | [taiwan] Variant 24/55: XGBoost / xgboost_spw_1.25_mds_1
2026-05-06 10:50:07,620 | INFO | [taiwan] Variant 25/55: XGBoost / xgboost_spw_1.25_mds_3
2026-05-06 10:50:16,392 | INFO | [taiwan] Variant 26/55: XGBoost / xgboost_spw_1.25_mds_5
2026-05-06 10:50:24,949 | INFO | [taiwan] Variant 27/55: XGBoost / xgboost_spw_1.5_mds_1
2026-05-06 10:50:33,554 | INFO | [taiwan] Variant 28/55: XGBoost / xgboost_spw_1.5_mds_3
2026-05-06 10:50:42,339 | INFO | [taiwan] Variant 29/55: XGBoost / xgboost_spw_1.5_mds_5
2026-05-06 10:50:50,282 | INFO | [taiwan] Variant 30/55: XGBoost / xgboost_spw_2_mds_1
2026-05-06 10:50:58,888 | INFO | [taiwan] Variant 31/55: XGBoost / xgboost_spw_2_mds_3
2026-05-06 10:51:07,498 | INFO | [taiwan] Variant 32/55: XGBoost / xgboost_spw_2_mds_5
2026-05-06 10:51:16,255 | INFO | [taiwan] Variant 33/55: XGBoost / xgboost_spw_2.5_mds_1
2026-05-06 10:51:24,896 | INFO | [taiwan] Variant 34/55: XGBoost / xgboost_spw_2.5_mds_3
2026-05-06 10:51:33,520 | INFO | [taiwan] Variant 35/55: XGBoost / xgboost_spw_2.5_mds_5
2026-05-06 10:51:42,443 | INFO | [taiwan] Variant 36/55: XGBoost / xgboost_spw_3_mds_1
2026-05-06 10:51:51,546 | INFO | [taiwan] Variant 37/55: XGBoost / xgboost_spw_3_mds_3
2026-05-06 10:52:00,687 | INFO | [taiwan] Variant 38/55: XGBoost / xgboost_spw_3_mds_5
2026-05-06 10:52:09,480 | INFO | [taiwan] Variant 39/55: XGBoost / xgboost_spw_4_mds_1
2026-05-06 10:52:18,317 | INFO | [taiwan] Variant 40/55: XGBoost / xgboost_spw_4_mds_3
2026-05-06 10:52:26,879 | INFO | [taiwan] Variant 41/55: XGBoost / xgboost_spw_4_mds_5
2026-05-06 10:52:35,648 | INFO | [taiwan] Variant 42/55: XGBoost / xgboost_spw_5_mds_1
2026-05-06 10:52:44,396 | INFO | [taiwan] Variant 43/55: XGBoost / xgboost_spw_5_mds_3
2026-05-06 10:52:53,141 | INFO | [taiwan] Variant 44/55: XGBoost / xgboost_spw_5_mds_5
2026-05-06 10:53:01,974 | INFO | [taiwan] Variant 45/55: LightGBM / lightgbm_baseline
2026-05-06 10:53:10,860 | INFO | [taiwan] Variant 46/55: LightGBM / lightgbm_is_unbalance
2026-05-06 10:53:20,109 | INFO | [taiwan] Variant 47/55: LightGBM / lightgbm_class_weight_balanced
2026-05-06 10:53:29,417 | INFO | [taiwan] Variant 48/55: LightGBM / lightgbm_scale_pos_weight_1
2026-05-06 10:53:38,634 | INFO | [taiwan] Variant 49/55: LightGBM / lightgbm_scale_pos_weight_1.25
2026-05-06 10:53:47,854 | INFO | [taiwan] Variant 50/55: LightGBM / lightgbm_scale_pos_weight_1.5
2026-05-06 10:53:56,954 | INFO | [taiwan] Variant 51/55: LightGBM / lightgbm_scale_pos_weight_2
2026-05-06 10:54:06,170 | INFO | [taiwan] Variant 52/55: LightGBM / lightgbm_scale_pos_weight_2.5
2026-05-06 10:54:15,196 | INFO | [taiwan] Variant 53/55: LightGBM / lightgbm_scale_pos_weight_3
2026-05-06 10:54:24,131 | INFO | [taiwan] Variant 54/55: LightGBM / lightgbm_scale_pos_weight_4
2026-05-06 10:54:33,075 | INFO | [taiwan] Variant 55/55: LightGBM / lightgbm_scale_pos_weight_5
2026-05-06 10:54:42,277 | INFO | Loading heloc
2026-05-06 10:54:42,322 | INFO | heloc split sizes: model_train=4737 calibration_val=1185 validation=1974 test=1975
2026-05-06 10:54:42,381 | INFO | [heloc] Variant 1/55: CatBoost / catboost_baseline
2026-05-06 10:54:55,972 | INFO | [heloc] Variant 2/55: CatBoost / catboost_auto_balanced
2026-05-06 10:55:09,689 | INFO | [heloc] Variant 3/55: CatBoost / catboost_auto_sqrtbalanced
2026-05-06 10:55:23,374 | INFO | [heloc] Variant 4/55: CatBoost / catboost_class_weight_pos_1.25
2026-05-06 10:55:36,917 | INFO | [heloc] Variant 5/55: CatBoost / catboost_class_weight_pos_1.5
2026-05-06 10:55:50,229 | INFO | [heloc] Variant 6/55: CatBoost / catboost_class_weight_pos_2
2026-05-06 10:56:03,595 | INFO | [heloc] Variant 7/55: CatBoost / catboost_class_weight_pos_2.5
2026-05-06 10:56:17,310 | INFO | [heloc] Variant 8/55: CatBoost / catboost_class_weight_pos_3
2026-05-06 10:56:30,566 | INFO | [heloc] Variant 9/55: CatBoost / catboost_class_weight_pos_4
2026-05-06 10:56:44,130 | INFO | [heloc] Variant 10/55: CatBoost / catboost_class_weight_pos_5
2026-05-06 10:56:57,338 | INFO | [heloc] Variant 11/55: XGBoost / xgboost_baseline
2026-05-06 10:57:03,998 | INFO | [heloc] Variant 12/55: XGBoost / xgboost_scale_pos_weight_1
2026-05-06 10:57:10,982 | INFO | [heloc] Variant 13/55: XGBoost / xgboost_scale_pos_weight_1.25
2026-05-06 10:57:17,904 | INFO | [heloc] Variant 14/55: XGBoost / xgboost_scale_pos_weight_1.5
2026-05-06 10:57:24,538 | INFO | [heloc] Variant 15/55: XGBoost / xgboost_scale_pos_weight_2
2026-05-06 10:57:31,209 | INFO | [heloc] Variant 16/55: XGBoost / xgboost_scale_pos_weight_2.5
2026-05-06 10:57:38,006 | INFO | [heloc] Variant 17/55: XGBoost / xgboost_scale_pos_weight_3
2026-05-06 10:57:44,678 | INFO | [heloc] Variant 18/55: XGBoost / xgboost_scale_pos_weight_4
2026-05-06 10:57:51,482 | INFO | [heloc] Variant 19/55: XGBoost / xgboost_scale_pos_weight_5
2026-05-06 10:57:58,039 | INFO | [heloc] Variant 20/55: XGBoost / xgboost_max_delta_step_0
2026-05-06 10:58:04,783 | INFO | [heloc] Variant 21/55: XGBoost / xgboost_max_delta_step_1
2026-05-06 10:58:11,706 | INFO | [heloc] Variant 22/55: XGBoost / xgboost_max_delta_step_3
2026-05-06 10:58:18,434 | INFO | [heloc] Variant 23/55: XGBoost / xgboost_max_delta_step_5
2026-05-06 10:58:25,297 | INFO | [heloc] Variant 24/55: XGBoost / xgboost_spw_1.25_mds_1
2026-05-06 10:58:31,951 | INFO | [heloc] Variant 25/55: XGBoost / xgboost_spw_1.25_mds_3
2026-05-06 10:58:38,687 | INFO | [heloc] Variant 26/55: XGBoost / xgboost_spw_1.25_mds_5
2026-05-06 10:58:45,458 | INFO | [heloc] Variant 27/55: XGBoost / xgboost_spw_1.5_mds_1
2026-05-06 10:58:52,321 | INFO | [heloc] Variant 28/55: XGBoost / xgboost_spw_1.5_mds_3
2026-05-06 10:58:59,073 | INFO | [heloc] Variant 29/55: XGBoost / xgboost_spw_1.5_mds_5
2026-05-06 10:59:05,922 | INFO | [heloc] Variant 30/55: XGBoost / xgboost_spw_2_mds_1
2026-05-06 10:59:12,690 | INFO | [heloc] Variant 31/55: XGBoost / xgboost_spw_2_mds_3
2026-05-06 10:59:19,618 | INFO | [heloc] Variant 32/55: XGBoost / xgboost_spw_2_mds_5
2026-05-06 10:59:26,330 | INFO | [heloc] Variant 33/55: XGBoost / xgboost_spw_2.5_mds_1
2026-05-06 10:59:33,260 | INFO | [heloc] Variant 34/55: XGBoost / xgboost_spw_2.5_mds_3
2026-05-06 10:59:40,034 | INFO | [heloc] Variant 35/55: XGBoost / xgboost_spw_2.5_mds_5
2026-05-06 10:59:46,823 | INFO | [heloc] Variant 36/55: XGBoost / xgboost_spw_3_mds_1
2026-05-06 10:59:53,767 | INFO | [heloc] Variant 37/55: XGBoost / xgboost_spw_3_mds_3
2026-05-06 11:00:00,399 | INFO | [heloc] Variant 38/55: XGBoost / xgboost_spw_3_mds_5
2026-05-06 11:00:07,226 | INFO | [heloc] Variant 39/55: XGBoost / xgboost_spw_4_mds_1
2026-05-06 11:00:14,175 | INFO | [heloc] Variant 40/55: XGBoost / xgboost_spw_4_mds_3
2026-05-06 11:00:20,929 | INFO | [heloc] Variant 41/55: XGBoost / xgboost_spw_4_mds_5
2026-05-06 11:00:27,620 | INFO | [heloc] Variant 42/55: XGBoost / xgboost_spw_5_mds_1
2026-05-06 11:00:34,636 | INFO | [heloc] Variant 43/55: XGBoost / xgboost_spw_5_mds_3
2026-05-06 11:00:41,534 | INFO | [heloc] Variant 44/55: XGBoost / xgboost_spw_5_mds_5
2026-05-06 11:00:48,341 | INFO | [heloc] Variant 45/55: LightGBM / lightgbm_baseline
2026-05-06 11:00:55,346 | INFO | [heloc] Variant 46/55: LightGBM / lightgbm_is_unbalance
2026-05-06 11:01:02,291 | INFO | [heloc] Variant 47/55: LightGBM / lightgbm_class_weight_balanced
2026-05-06 11:01:09,257 | INFO | [heloc] Variant 48/55: LightGBM / lightgbm_scale_pos_weight_1
2026-05-06 11:01:16,452 | INFO | [heloc] Variant 49/55: LightGBM / lightgbm_scale_pos_weight_1.25
2026-05-06 11:01:23,769 | INFO | [heloc] Variant 50/55: LightGBM / lightgbm_scale_pos_weight_1.5
2026-05-06 11:01:31,072 | INFO | [heloc] Variant 51/55: LightGBM / lightgbm_scale_pos_weight_2
2026-05-06 11:01:38,047 | INFO | [heloc] Variant 52/55: LightGBM / lightgbm_scale_pos_weight_2.5
2026-05-06 11:01:45,161 | INFO | [heloc] Variant 53/55: LightGBM / lightgbm_scale_pos_weight_3
2026-05-06 11:01:52,842 | INFO | [heloc] Variant 54/55: LightGBM / lightgbm_scale_pos_weight_4
2026-05-06 11:02:00,426 | INFO | [heloc] Variant 55/55: LightGBM / lightgbm_scale_pos_weight_5
2026-05-06 11:02:07,442 | INFO | Advanced imbalance boosting complete. Outputs: C:\Users\AKTS\Desktop\Resul\Data_Mining_Project\outputs\final_attempt\imbalance_boosting
